<turbo-frame class="flex items-center gap-2" >

  <form class="self-center" data-turbo-frame="results" data-controller="search-form" action="/articles/searches" accept-charset="UTF-8" method="get">
    <input placeholder="Search articles" minlength="3" class="w-96 rounded-xl p-4 text-xl self-center shadow-none border-2 border-solid" data-action="input-&gt;search-form#search" type="text" name="keywords" id="keywords" />

</form>
  <a class="border border-solid rounded-lg p-4 text-xl" data-turbo-frame="results" href="/articles/keywords">Keywords</a>
</turbo-frame>

<turbo-frame id="results" class="min-w-96 w-1/2">
  
  <div class="py-8 border-b border-solid text-xl">
      Results for "mock_keywords"
  </div>

    There is no an article to show.
  
  
  
</turbo-frame>